// Jest Snapshot v1, https://goo.gl/fbAQLP

exports[`La view de Registry Form 1) Renderiza 1`] = `
<DocumentFragment>
  <section
    class="demo"
  >
    <form
      style="display: flex; flex-direction: column;"
    >
      <div>
        <label
          to="phone"
        >
          Celular:
          <input
            id="phone"
            placeholder="Ingresa tu telefono"
            type="tel"
          />
        </label>
      </div>
      <div>
        <label
          to="email"
        >
          Email:
          <input
            id="email"
            placeholder="email"
            type="email"
          />
        </label>
      </div>
    </form>
  </section>
</DocumentFragment>
`;
